checkout: 960f2c77ad6651cdaaf134a3310cb1255546989c
server: 17.11
PASS=5 FAIL=0 NOT_RUN=0 TOTAL=5
BEGIN
CREATE FUNCTION
CREATE FUNCTION
CREATE FUNCTION
CREATE FUNCTION
CREATE FUNCTION
CREATE FUNCTION
CREATE FUNCTION
CREATE FUNCTION
CREATE FUNCTION
CREATE FUNCTION
CREATE FUNCTION
CREATE FUNCTION
CREATE FUNCTION
CREATE FUNCTION
CREATE FUNCTION
CREATE FUNCTION
CREATE FUNCTION
CREATE FUNCTION
CREATE FUNCTION
CREATE FUNCTION
CREATE FUNCTION
CREATE FUNCTION
CREATE FUNCTION
CREATE FUNCTION
CREATE FUNCTION
CREATE FUNCTION
CREATE FUNCTION
DO
                    result
----------------------------------------------
 ISSUE_SCOPE_CONTAINMENT_AND_M192_REPLAY_PASS
(1 row)

ROLLBACK
ISSUE_SCOPE_LOCAL_ACCEPTANCE_PASS
